// Jest Snapshot v1, https://goo.gl/fbAQLP

exports[`Login Test Suite It must render the component correcly 1`] = `
<DocumentFragment>
  <main
    class="ant-layout-content"
    style="width: 500px; height: 400px; margin: 50px auto; background-color: white; flex-direction: column; justify-content: center; align-items: center;"
  >
    <form
      autocomplete="off"
      class="ant-form ant-form-horizontal"
      id="basic"
    >
      <div>
        <div
          class="ant-row ant-form-item"
        >
          <div
            class="ant-col ant-col-8 ant-form-item-label"
          >
            <label
              class=""
              for="basic_email"
              title="Email"
            >
              Email
            </label>
          </div>
          <div
            class="ant-col ant-col-16 ant-form-item-control"
          >
            <div
              class="ant-form-item-control-input"
            >
              <div
                class="ant-form-item-control-input-content"
              >
                <input
                  class="ant-input"
                  id="basic_email"
                  placeholder="Type your Email"
                  type="email"
                  value=""
                />
              </div>
            </div>
          </div>
        </div>
      </div>
      <div>
        <div
          class="ant-row ant-form-item"
        >
          <div
            class="ant-col ant-col-8 ant-form-item-label"
          >
            <label
              class=""
              for="basic_username"
              title="Username"
            >
              Username
            </label>
          </div>
          <div
            class="ant-col ant-col-16 ant-form-item-control"
          >
            <div
              class="ant-form-item-control-input"
            >
              <div
                class="ant-form-item-control-input-content"
              >
                <input
                  class="ant-input"
                  id="basic_username"
                  placeholder="Type your Username"
                  type="input"
                  value=""
                />
              </div>
            </div>
          </div>
        </div>
      </div>
      <div>
        <div
          class="ant-row ant-form-item"
        >
          <div
            class="ant-col ant-col-8 ant-form-item-label"
          >
            <label
              class=""
              for="basic_phoneNumber"
              title="Phone Number"
            >
              Phone Number
            </label>
          </div>
          <div
            class="ant-col ant-col-16 ant-form-item-control"
          >
            <div
              class="ant-form-item-control-input"
            >
              <div
                class="ant-form-item-control-input-content"
              >
                <input
                  class="ant-input"
                  id="basic_phoneNumber"
                  placeholder="Type your Phone Number"
                  type="input"
                  value=""
                />
              </div>
            </div>
          </div>
        </div>
      </div>
      <div>
        <div
          class="ant-row ant-form-item"
        >
          <div
            class="ant-col ant-col-8 ant-form-item-label"
          >
            <label
              class=""
              for="basic_password"
              title="Password"
            >
              Password
            </label>
          </div>
          <div
            class="ant-col ant-col-16 ant-form-item-control"
          >
            <div
              class="ant-form-item-control-input"
            >
              <div
                class="ant-form-item-control-input-content"
              >
                <input
                  class="ant-input"
                  id="basic_password"
                  placeholder="Type your Password"
                  type="password"
                  value=""
                />
              </div>
            </div>
          </div>
        </div>
      </div>
      <div>
        <div
          class="ant-row ant-form-item"
        >
          <div
            class="ant-col ant-col-8 ant-form-item-label"
          >
            <label
              class=""
              for="basic_confirmPassword"
              title="Password Confirmation"
            >
              Password Confirmation
            </label>
          </div>
          <div
            class="ant-col ant-col-16 ant-form-item-control"
          >
            <div
              class="ant-form-item-control-input"
            >
              <div
                class="ant-form-item-control-input-content"
              >
                <input
                  class="ant-input"
                  id="basic_confirmPassword"
                  placeholder="Type your Password Confirmation"
                  type="password"
                  value=""
                />
              </div>
            </div>
          </div>
        </div>
      </div>
      <div>
        <div
          class="ant-row ant-form-item"
        >
          <div
            class="ant-col ant-col-8 ant-form-item-label"
          >
            <label
              class=""
              for="basic_fullName"
              title="Fullname"
            >
              Fullname
            </label>
          </div>
          <div
            class="ant-col ant-col-16 ant-form-item-control"
          >
            <div
              class="ant-form-item-control-input"
            >
              <div
                class="ant-form-item-control-input-content"
              >
                <input
                  class="ant-input"
                  id="basic_fullName"
                  placeholder="Type your Fullname"
                  type="input"
                  value=""
                />
              </div>
            </div>
          </div>
        </div>
      </div>
      <div>
        <div
          class="ant-row ant-form-item"
        >
          <div
            class="ant-col ant-col-8 ant-form-item-label"
          >
            <label
              class=""
              for="basic_gender"
              title="Gender"
            >
              Gender
            </label>
          </div>
          <div
            class="ant-col ant-col-16 ant-form-item-control"
          >
            <div
              class="ant-form-item-control-input"
            >
              <div
                class="ant-form-item-control-input-content"
              >
                <div
                  class="ant-select ant-select-in-form-item ant-select-single ant-select-show-arrow ant-select-show-search"
                  data-testid="select_id_gender"
                  style="width: 100%;"
                >
                  <div
                    class="ant-select-selector"
                  >
                    <span
                      class="ant-select-selection-search"
                    >
                      <input
                        aria-activedescendant="select_id_gender_list_0"
                        aria-autocomplete="list"
                        aria-controls="select_id_gender_list"
                        aria-haspopup="listbox"
                        aria-owns="select_id_gender_list"
                        autocomplete="off"
                        class="ant-select-selection-search-input"
                        id="select_id_gender"
                        role="combobox"
                        type="search"
                        value=""
                      />
                    </span>
                    <span
                      class="ant-select-selection-placeholder"
                    >
                      Select your Gender
                    </span>
                  </div>
                  <span
                    aria-hidden="true"
                    class="ant-select-arrow"
                    style="user-select: none;"
                    unselectable="on"
                  >
                    <span
                      aria-label="down"
                      class="anticon anticon-down ant-select-suffix"
                      role="img"
                    >
                      <svg
                        aria-hidden="true"
                        data-icon="down"
                        fill="currentColor"
                        focusable="false"
                        height="1em"
                        viewBox="64 64 896 896"
                        width="1em"
                      >
                        <path
                          d="M884 256h-75c-5.1 0-9.9 2.5-12.9 6.6L512 654.2 227.9 262.6c-3-4.1-7.8-6.6-12.9-6.6h-75c-6.5 0-10.3 7.4-6.5 12.7l352.6 486.1c12.8 17.6 39 17.6 51.7 0l352.6-486.1c3.9-5.3.1-12.7-6.4-12.7z"
                        />
                      </svg>
                    </span>
                  </span>
                </div>
              </div>
            </div>
          </div>
        </div>
      </div>
      <div
        style="text-align: right;"
      >
        <div
          class="ant-row ant-form-item"
        >
          <div
            class="ant-col ant-col-16 ant-col-offset-8 ant-form-item-control"
          >
            <div
              class="ant-form-item-control-input"
            >
              <div
                class="ant-form-item-control-input-content"
              >
                <button
                  class="ant-btn ant-btn-default"
                  style="color: blue;"
                  type="button"
                >
                  <span>
                    Login
                  </span>
                </button>
                <button
                  class="ant-btn ant-btn-default"
                  style="color: blue;"
                  type="submit"
                >
                  <span>
                    Sign Up
                  </span>
                </button>
              </div>
            </div>
          </div>
        </div>
      </div>
    </form>
  </main>
</DocumentFragment>
`;
