// Jest Snapshot v1, https://goo.gl/fbAQLP

exports[`Login Test Suite It must render the component correcly 1`] = `
<DocumentFragment>
  <main
    class="ant-layout-content"
    style="width: 400px; height: 400px; margin: 50px auto; background-color: white; flex-direction: column; justify-content: center; align-items: center;"
  >
    <form
      autocomplete="off"
      class="ant-form ant-form-horizontal"
      id="basic"
    >
      <div>
        <div
          class="ant-row ant-form-item"
        >
          <div
            class="ant-col ant-col-8 ant-form-item-label"
          >
            <label
              class=""
              for="basic_username"
              title="Username"
            >
              Username
            </label>
          </div>
          <div
            class="ant-col ant-col-16 ant-form-item-control"
          >
            <div
              class="ant-form-item-control-input"
            >
              <div
                class="ant-form-item-control-input-content"
              >
                <input
                  class="ant-input"
                  id="basic_username"
                  placeholder="Type your Username"
                  type="input"
                  value=""
                />
              </div>
            </div>
          </div>
        </div>
      </div>
      <div>
        <div
          class="ant-row ant-form-item"
        >
          <div
            class="ant-col ant-col-8 ant-form-item-label"
          >
            <label
              class=""
              for="basic_password"
              title="Password"
            >
              Password
            </label>
          </div>
          <div
            class="ant-col ant-col-16 ant-form-item-control"
          >
            <div
              class="ant-form-item-control-input"
            >
              <div
                class="ant-form-item-control-input-content"
              >
                <input
                  class="ant-input"
                  id="basic_password"
                  placeholder="Type your Password"
                  type="password"
                  value=""
                />
              </div>
            </div>
          </div>
        </div>
      </div>
      <div
        style="text-align: right;"
      >
        <div
          class="ant-row ant-form-item"
        >
          <div
            class="ant-col ant-col-16 ant-col-offset-8 ant-form-item-control"
          >
            <div
              class="ant-form-item-control-input"
            >
              <div
                class="ant-form-item-control-input-content"
              >
                <button
                  class="ant-btn ant-btn-default"
                  style="color: blue;"
                  type="button"
                >
                  <span>
                    Sign Up
                  </span>
                </button>
                <button
                  class="ant-btn ant-btn-default"
                  style="color: blue;"
                  type="submit"
                >
                  <span>
                    Login
                  </span>
                </button>
              </div>
            </div>
          </div>
        </div>
      </div>
    </form>
  </main>
</DocumentFragment>
`;
